[backblue.gif]
[fade.gif]
[index.html]
[web/wycoiy6e.ico]
[web/k55h52je.js]
[web/n9pf_kno.png]
[web/gwysjktm.pdf]
[web/6hgseb1e.mp4]
[web/gutkp9ur.png]
[web/iao7xhb9.jpg]
[web/l6g4cu_8.jpg]
[web/2td3x8s1.jpg]
[web/0379rhhh.jpg]
[web/7kr_g0s0.js]
[web/2cs-fv68.js]
[web/bn86aoi5.js]
[web/yd6_ft8u.js]
[web/mhvrz4u0.js]
[web/z8t5lnod.js]
[web/-5ee5k_1.js]
[web/9j_1bmy1.js]
[web/mtpvm471.js]
[web/3peq9yn9.js]
[web/efyh1ey9.js]
[web/sts6yoa7.html]
[web/edsav3_b.js]
[web/h36hf0vv.js]
[web/e9rqzsrs.js]
[web/4md4a516.html]
[web/w6xkjl-s.css]
[web/024knf1h.html]
[web/guni55dw.css]
[web/t643ovm5.png]
[web/kg-u6h7h.png]
[web/rv80p7ze.png]
[web/2l-fah0p.png]
[web/e11_hozk.png]
[web/hjcpvuln.png]
[web/ls00smzd.png]
[web/srgxu9jf.png]
[web/bzzydjt1.png]
[web/0bfjke7s.png]
[web/3vpv-vjm.png]
[web/-h7crnrm.css]
[web/h3coc5xz.css]
[web/b0y704ux.jpg]
[web/_2qt4v97.jpg]
[web/18kkvf4y.css]
[web/zmev3usy.html]
[web/67x0qv5d.html]
[web/0379rhhh.jpg]
[web/x7bxnf-r.css]
[web/efyh1ey9.js]
[web/efyh1ey9.js]
